// Jest Snapshot v1, https://goo.gl/fbAQLP

exports[`EmptyContent.vue content title shows the correct empty message depending on states if the admin config is okay 1`] = `
Wrapper {
  "selector": ".empty-content--message",
}
`;

exports[`EmptyContent.vue content title shows the correct empty message depending on states if the admin config is okay 2`] = `
Wrapper {
  "selector": ".empty-content--message",
}
`;

exports[`EmptyContent.vue content title shows the correct empty message depending on states if the admin config is okay 3`] = `
Wrapper {
  "selector": ".empty-content--message",
}
`;

exports[`EmptyContent.vue content title shows the correct empty message depending on states if the admin config is okay 4`] = `
Wrapper {
  "selector": ".empty-content--message",
}
`;

exports[`EmptyContent.vue content title shows the correct empty message depending on states if the admin config is okay 5`] = `
Wrapper {
  "selector": ".empty-content--message",
}
`;
