// Jest Snapshot v1, https://goo.gl/fbAQLP

exports[`AdminSettings.vue Project folders form (Project Folder Setup) view mode without project folder setup should show status as "Inactive" 1`] = `
Wrapper {
  "selector": ".project-folder-setup",
}
`;

exports[`AdminSettings.vue default user configurations form should be visible when the integration is complete 1`] = `
ErrorWrapper {
  "selector": ".default-prefs",
}
`;
