// Jest Snapshot v1, https://goo.gl/fbAQLP

exports[`PersonalSettings.vue oAuth user settings admin and user should be able to enable and disable the setting simultaneously 1`] = `
Wrapper {
  "selector": ".openproject-prefs--form",
}
`;

exports[`PersonalSettings.vue oAuth user settings admin and user should be able to enable and disable the setting simultaneously 2`] = `
Wrapper {
  "selector": ".openproject-prefs--form",
}
`;

exports[`PersonalSettings.vue oAuth user settings should be disabled if the admin has not enabled the settings 1`] = `
Wrapper {
  "selector": ".openproject-prefs--form",
}
`;

exports[`PersonalSettings.vue oAuth user settings should be enabled if the admin has enabled the settings 1`] = `
Wrapper {
  "selector": ".openproject-prefs--form",
}
`;
