// Jest Snapshot v1, https://goo.gl/fbAQLP

exports[`LinkMultipleFilesModal.vue fetch workpackages multiple files selected sets the "error" state if the admin config is not okay 1`] = `
VueWrapper {
  "_emitted": {},
  "_emittedByOrder": [],
  "isFunctionalComponent": undefined,
}
`;

exports[`LinkMultipleFilesModal.vue fetch workpackages single file selected sets the "error" state if the admin config is not okay 1`] = `
VueWrapper {
  "_emitted": {},
  "_emittedByOrder": [],
  "isFunctionalComponent": undefined,
}
`;

exports[`LinkMultipleFilesModal.vue fetch workpackages single file selected sets the "error" state if the admin config is not okay 2`] = `
VueWrapper {
  "_emitted": {},
  "_emittedByOrder": [],
  "isFunctionalComponent": undefined,
}
`;
