// Jest Snapshot v1, https://goo.gl/fbAQLP

exports[`FormHeading.vue is complete prop should hide the checkmark icon and show the index if not complete 1`] = `
VueWrapper {
  "_emitted": {},
  "_emittedByOrder": [],
  "isFunctionalComponent": undefined,
}
`;

exports[`FormHeading.vue is complete prop should show checkmark icon, add green title and hide the index if complete 1`] = `
VueWrapper {
  "_emitted": {},
  "_emittedByOrder": [],
  "isFunctionalComponent": undefined,
}
`;

exports[`FormHeading.vue is disabled prop should add disabled class to the form heading 1`] = `
VueWrapper {
  "_emitted": {},
  "_emittedByOrder": [],
  "isFunctionalComponent": undefined,
}
`;
