// Jest Snapshot v1, https://goo.gl/fbAQLP

exports[`TextInput.vue is required prop should add asterik to the label text 1`] = `
Wrapper {
  "selector": ".text-input-label",
}
`;

exports[`TextInput.vue is required prop should not add asterik to the label text 1`] = `
Wrapper {
  "selector": ".text-input-label",
}
`;

exports[`TextInput.vue messages should not show error message details if not error message is provided 1`] = `
VueWrapper {
  "_emitted": {},
  "_emittedByOrder": [],
  "isFunctionalComponent": undefined,
}
`;

exports[`TextInput.vue messages should show error message details if both error message and details are provided 1`] = `
VueWrapper {
  "_emitted": {},
  "_emittedByOrder": [],
  "isFunctionalComponent": undefined,
}
`;

exports[`TextInput.vue messages should show error message if both error message and hint text are provided 1`] = `
VueWrapper {
  "_emitted": {},
  "_emittedByOrder": [],
  "isFunctionalComponent": undefined,
}
`;

exports[`TextInput.vue messages should show error message if provided 1`] = `
VueWrapper {
  "_emitted": {},
  "_emittedByOrder": [],
  "isFunctionalComponent": undefined,
}
`;

exports[`TextInput.vue messages should show hint text if provided 1`] = `
VueWrapper {
  "_emitted": {},
  "_emittedByOrder": [],
  "isFunctionalComponent": undefined,
}
`;

exports[`TextInput.vue readonly prop should set the input to readonly 1`] = `
VueWrapper {
  "_emitted": {},
  "_emittedByOrder": [],
  "isFunctionalComponent": undefined,
}
`;

exports[`TextInput.vue with copy button prop should render copy button if set 1`] = `
VueWrapper {
  "_emitted": {},
  "_emittedByOrder": [],
  "isFunctionalComponent": undefined,
}
`;
